--> Date de intrare
Numar cromozomi: 20
Interval: [-1, 2]
Coeficienti polinom: -1, 1, 2
Precizie: 6
Probabilitate recombinare: 0.25
Probabilitate mutatie: 0.01
Numar etape: 50

--> Date aditionale
Numar biti: 22

--> Reprezentarea pe biti a cromozomului
 1: 1011110011010110000010
 2: 1100011110001110101111
 3: 0100101010010001110101
 4: 0111010101001010000011
 5: 0100001000011000111010
 6: 0010011101011111111110
 7: 1101011001011100010101
 8: 0101111000101000001011
 9: 1110011011010111110011
10: 0100111000000011100101
11: 0101001100100011100100
12: 1100001011100100000100
13: 0001000001100111101001
14: 1110111001000000000110
15: 1010001100010110111110
16: 1101101000000101000000
17: 1101000100001110010011
18: 1001001011110110010000
19: 0100010000001011100010
20: 0100011011111001001011

--> Valoarea corespunzatoare cromozomului in domeniu
 1: 1
 2: 1
 3: 0
 4: 0
 5: 0
 6: 0
 7: 1
 8: 0
 9: 1
10: 0
11: 0
12: 1
13: 0
14: 1
15: 0
16: 1
17: 1
18: 0
19: 0
20: 0

--> Valoarea functiei in punctul cromozomului
 1: 2
 2: 2
 3: 2
 4: 2
 5: 2
 6: 2
 7: 2
 8: 2
 9: 2
10: 2
11: 2
12: 2
13: 2
14: 2
15: 2
16: 2
17: 2
18: 2
19: 2
20: 2

######################
# Populatia initiala #
######################

 1: 1011110011010110000010
1011110011010110000010
1011110011010110000010
1011110011010110000010
1011110011010110000010
1011110011010110000010
1011110011010110000010
1011110011010110000010
1011110011010110000010
1011110011010110000010
1011110011010110000010
1011110011010110000010
1011110011010110000010
1011110011010110000010
1011110011010110000010
1011110011010110000010
1011110011010110000010
1011110011010110000010
1011110011010110000010
1011110011010110000010
1011110011010110000010
1011110011010110000010
; x = 1; f = 2
 2: 1100011110001110101111
1100011110001110101111
1100011110001110101111
1100011110001110101111
1100011110001110101111
1100011110001110101111
1100011110001110101111
1100011110001110101111
1100011110001110101111
1100011110001110101111
1100011110001110101111
1100011110001110101111
1100011110001110101111
1100011110001110101111
1100011110001110101111
1100011110001110101111
1100011110001110101111
1100011110001110101111
1100011110001110101111
1100011110001110101111
1100011110001110101111
1100011110001110101111
; x = 1; f = 2
 3: 0100101010010001110101
0100101010010001110101
0100101010010001110101
0100101010010001110101
0100101010010001110101
0100101010010001110101
0100101010010001110101
0100101010010001110101
0100101010010001110101
0100101010010001110101
0100101010010001110101
0100101010010001110101
0100101010010001110101
0100101010010001110101
0100101010010001110101
0100101010010001110101
0100101010010001110101
0100101010010001110101
0100101010010001110101
0100101010010001110101
0100101010010001110101
0100101010010001110101
; x = 0; f = 2
 4: 0111010101001010000011
0111010101001010000011
0111010101001010000011
0111010101001010000011
0111010101001010000011
0111010101001010000011
0111010101001010000011
0111010101001010000011
0111010101001010000011
0111010101001010000011
0111010101001010000011
0111010101001010000011
0111010101001010000011
0111010101001010000011
0111010101001010000011
0111010101001010000011
0111010101001010000011
0111010101001010000011
0111010101001010000011
0111010101001010000011
0111010101001010000011
0111010101001010000011
; x = 0; f = 2
 5: 0100001000011000111010
0100001000011000111010
0100001000011000111010
0100001000011000111010
0100001000011000111010
0100001000011000111010
0100001000011000111010
0100001000011000111010
0100001000011000111010
0100001000011000111010
0100001000011000111010
0100001000011000111010
0100001000011000111010
0100001000011000111010
0100001000011000111010
0100001000011000111010
0100001000011000111010
0100001000011000111010
0100001000011000111010
0100001000011000111010
0100001000011000111010
0100001000011000111010
; x = 0; f = 2
 6: 0010011101011111111110
0010011101011111111110
0010011101011111111110
0010011101011111111110
0010011101011111111110
0010011101011111111110
0010011101011111111110
0010011101011111111110
0010011101011111111110
0010011101011111111110
0010011101011111111110
0010011101011111111110
0010011101011111111110
0010011101011111111110
0010011101011111111110
0010011101011111111110
0010011101011111111110
0010011101011111111110
0010011101011111111110
0010011101011111111110
0010011101011111111110
0010011101011111111110
; x = 0; f = 2
 7: 1101011001011100010101
1101011001011100010101
1101011001011100010101
1101011001011100010101
1101011001011100010101
1101011001011100010101
1101011001011100010101
1101011001011100010101
1101011001011100010101
1101011001011100010101
1101011001011100010101
1101011001011100010101
1101011001011100010101
1101011001011100010101
1101011001011100010101
1101011001011100010101
1101011001011100010101
1101011001011100010101
1101011001011100010101
1101011001011100010101
1101011001011100010101
1101011001011100010101
; x = 1; f = 2
 8: 0101111000101000001011
0101111000101000001011
0101111000101000001011
0101111000101000001011
0101111000101000001011
0101111000101000001011
0101111000101000001011
0101111000101000001011
0101111000101000001011
0101111000101000001011
0101111000101000001011
0101111000101000001011
0101111000101000001011
0101111000101000001011
0101111000101000001011
0101111000101000001011
0101111000101000001011
0101111000101000001011
0101111000101000001011
0101111000101000001011
0101111000101000001011
0101111000101000001011
; x = 0; f = 2
 9: 1110011011010111110011
1110011011010111110011
1110011011010111110011
1110011011010111110011
1110011011010111110011
1110011011010111110011
1110011011010111110011
1110011011010111110011
1110011011010111110011
1110011011010111110011
1110011011010111110011
1110011011010111110011
1110011011010111110011
1110011011010111110011
1110011011010111110011
1110011011010111110011
1110011011010111110011
1110011011010111110011
1110011011010111110011
1110011011010111110011
1110011011010111110011
1110011011010111110011
; x = 1; f = 2
10: 0100111000000011100101
0100111000000011100101
0100111000000011100101
0100111000000011100101
0100111000000011100101
0100111000000011100101
0100111000000011100101
0100111000000011100101
0100111000000011100101
0100111000000011100101
0100111000000011100101
0100111000000011100101
0100111000000011100101
0100111000000011100101
0100111000000011100101
0100111000000011100101
0100111000000011100101
0100111000000011100101
0100111000000011100101
0100111000000011100101
0100111000000011100101
0100111000000011100101
; x = 0; f = 2
11: 0101001100100011100100
0101001100100011100100
0101001100100011100100
0101001100100011100100
0101001100100011100100
0101001100100011100100
0101001100100011100100
0101001100100011100100
0101001100100011100100
0101001100100011100100
0101001100100011100100
0101001100100011100100
0101001100100011100100
0101001100100011100100
0101001100100011100100
0101001100100011100100
0101001100100011100100
0101001100100011100100
0101001100100011100100
0101001100100011100100
0101001100100011100100
0101001100100011100100
; x = 0; f = 2
12: 1100001011100100000100
1100001011100100000100
1100001011100100000100
1100001011100100000100
1100001011100100000100
1100001011100100000100
1100001011100100000100
1100001011100100000100
1100001011100100000100
1100001011100100000100
1100001011100100000100
1100001011100100000100
1100001011100100000100
1100001011100100000100
1100001011100100000100
1100001011100100000100
1100001011100100000100
1100001011100100000100
1100001011100100000100
1100001011100100000100
1100001011100100000100
1100001011100100000100
; x = 1; f = 2
13: 0001000001100111101001
0001000001100111101001
0001000001100111101001
0001000001100111101001
0001000001100111101001
0001000001100111101001
0001000001100111101001
0001000001100111101001
0001000001100111101001
0001000001100111101001
0001000001100111101001
0001000001100111101001
0001000001100111101001
0001000001100111101001
0001000001100111101001
0001000001100111101001
0001000001100111101001
0001000001100111101001
0001000001100111101001
0001000001100111101001
0001000001100111101001
0001000001100111101001
; x = 0; f = 2
14: 1110111001000000000110
1110111001000000000110
1110111001000000000110
1110111001000000000110
1110111001000000000110
1110111001000000000110
1110111001000000000110
1110111001000000000110
1110111001000000000110
1110111001000000000110
1110111001000000000110
1110111001000000000110
1110111001000000000110
1110111001000000000110
1110111001000000000110
1110111001000000000110
1110111001000000000110
1110111001000000000110
1110111001000000000110
1110111001000000000110
1110111001000000000110
1110111001000000000110
; x = 1; f = 2
15: 1010001100010110111110
1010001100010110111110
1010001100010110111110
1010001100010110111110
1010001100010110111110
1010001100010110111110
1010001100010110111110
1010001100010110111110
1010001100010110111110
1010001100010110111110
1010001100010110111110
1010001100010110111110
1010001100010110111110
1010001100010110111110
1010001100010110111110
1010001100010110111110
1010001100010110111110
1010001100010110111110
1010001100010110111110
1010001100010110111110
1010001100010110111110
1010001100010110111110
; x = 0; f = 2
16: 1101101000000101000000
1101101000000101000000
1101101000000101000000
1101101000000101000000
1101101000000101000000
1101101000000101000000
1101101000000101000000
1101101000000101000000
1101101000000101000000
1101101000000101000000
1101101000000101000000
1101101000000101000000
1101101000000101000000
1101101000000101000000
1101101000000101000000
1101101000000101000000
1101101000000101000000
1101101000000101000000
1101101000000101000000
1101101000000101000000
1101101000000101000000
1101101000000101000000
; x = 1; f = 2
17: 1101000100001110010011
1101000100001110010011
1101000100001110010011
1101000100001110010011
1101000100001110010011
1101000100001110010011
1101000100001110010011
1101000100001110010011
1101000100001110010011
1101000100001110010011
1101000100001110010011
1101000100001110010011
1101000100001110010011
1101000100001110010011
1101000100001110010011
1101000100001110010011
1101000100001110010011
1101000100001110010011
1101000100001110010011
1101000100001110010011
1101000100001110010011
1101000100001110010011
; x = 1; f = 2
18: 1001001011110110010000
1001001011110110010000
1001001011110110010000
1001001011110110010000
1001001011110110010000
1001001011110110010000
1001001011110110010000
1001001011110110010000
1001001011110110010000
1001001011110110010000
1001001011110110010000
1001001011110110010000
1001001011110110010000
1001001011110110010000
1001001011110110010000
1001001011110110010000
1001001011110110010000
1001001011110110010000
1001001011110110010000
1001001011110110010000
1001001011110110010000
1001001011110110010000
; x = 0; f = 2
19: 0100010000001011100010
0100010000001011100010
0100010000001011100010
0100010000001011100010
0100010000001011100010
0100010000001011100010
0100010000001011100010
0100010000001011100010
0100010000001011100010
0100010000001011100010
0100010000001011100010
0100010000001011100010
0100010000001011100010
0100010000001011100010
0100010000001011100010
0100010000001011100010
0100010000001011100010
0100010000001011100010
0100010000001011100010
0100010000001011100010
0100010000001011100010
0100010000001011100010
; x = 0; f = 2
20: 0100011011111001001011
0100011011111001001011
0100011011111001001011
0100011011111001001011
0100011011111001001011
0100011011111001001011
0100011011111001001011
0100011011111001001011
0100011011111001001011
0100011011111001001011
0100011011111001001011
0100011011111001001011
0100011011111001001011
0100011011111001001011
0100011011111001001011
0100011011111001001011
0100011011111001001011
0100011011111001001011
0100011011111001001011
0100011011111001001011
0100011011111001001011
0100011011111001001011
; x = 0; f = 2

###############################
# Probabilitatile de selectie #
###############################

cromozom  1 probabilitate 0.05
cromozom  2 probabilitate 0.05
cromozom  3 probabilitate 0.05
cromozom  4 probabilitate 0.05
cromozom  5 probabilitate 0.05
cromozom  6 probabilitate 0.05
cromozom  7 probabilitate 0.05
cromozom  8 probabilitate 0.05
cromozom  9 probabilitate 0.05
cromozom 10 probabilitate 0.05
cromozom 11 probabilitate 0.05
cromozom 12 probabilitate 0.05
cromozom 13 probabilitate 0.05
cromozom 14 probabilitate 0.05
cromozom 15 probabilitate 0.05
cromozom 16 probabilitate 0.05
cromozom 17 probabilitate 0.05
cromozom 18 probabilitate 0.05
cromozom 19 probabilitate 0.05
cromozom 20 probabilitate 0.05

####################################
# Intervale probabilitati selectie #
####################################

0 0.05 0.1 0.15 0.2 0.25 0.3 0.35 0.4 0.45 0.5 0.55 0.6 0.65 0.7 0.75 0.8 0.85 0.9 0.95 1 

#######################################
# Evidentierea procesului de selectie #
#######################################

u = 0.5436 -> selectam cromozomul 11
u = 0.246 -> selectam cromozomul 5
u = 0.3414 -> selectam cromozomul 7
u = 0.3921 -> selectam cromozomul 8
u = 0.046 -> selectam cromozomul 1
u = 0.6304 -> selectam cromozomul 13
u = 0.0028 -> selectam cromozomul 1
u = 0.8027 -> selectam cromozomul 17
u = 0.805 -> selectam cromozomul 17
u = 0.6748 -> selectam cromozomul 14
u = 0.7556 -> selectam cromozomul 16
u = 0.8902 -> selectam cromozomul 18
u = 0.4794 -> selectam cromozomul 10
u = 0.7697 -> selectam cromozomul 16
u = 0.8699 -> selectam cromozomul 18
u = 0.1043 -> selectam cromozomul 3
u = 0.1039 -> selectam cromozomul 3
u = 0.2002 -> selectam cromozomul 5
u = 0.0428 -> selectam cromozomul 1
u = 0.6403 -> selectam cromozomul 13
